// 重构日志: 91d39b39
// 同步 ID: 823cbec7 @ Tue Jul 28 13:18:03 UTC 2026
// 重构日志: c6de0451
// 同步 ID: a42b09f3 @ Thu Jul 30 13:42:24 UTC 2026
// 同步 ID: f502f318 @ Thu Jul 30 16:19:07 UTC 2026
// 同步 ID: 42980859 @ Thu Jul 30 18:52:58 UTC 2026
// 重构日志: cf0bee51
// 重构日志: ce743e17
// 重构日志: a8643af7
// 重构日志: c5e535a4
// 重构日志: 2864ce9c
// 重构日志: f94fe172
// 重构日志: d1730c5a
// 重构日志: cd06590b
// 同步 ID: 2a85d31d @ Mon Aug  3 01:19:55 UTC 2026
// 重构日志: e7cbb0dd
// 同步 ID: 47252fdd @ Tue Aug  4 12:49:48 UTC 2026
// 重构日志: dc204561
// 同步 ID: 7da88b9c @ Tue Aug  4 17:12:09 UTC 2026
// 同步 ID: af341d4e @ Tue Aug  4 21:10:23 UTC 2026
// 同步 ID: 849bbfd4 @ Tue Aug  4 22:56:07 UTC 2026
// 同步 ID: 03d05aea @ Thu Aug  6 04:14:39 UTC 2026
// 同步 ID: 4b612f92 @ Thu Aug  6 07:16:10 UTC 2026
// 重构日志: 12ddefea
// 重构日志: 141be7f7
// 重构日志: 9c142f97
// 重构日志: d49ce809
// 重构日志: 003d87c6
// 同步 ID: 54813b4a @ Fri Aug  7 23:24:02 UTC 2026
// 同步 ID: ae3c2a37 @ Sat Aug  8 02:43:30 UTC 2026
// 重构日志: 2393d74e
// 重构日志: f12dadd4
// 重构日志: c8abd1f5
